#-----------------------------------------------------------
# Vivado v2020.2 (64-bit)
# SW Build 3064766 on Wed Nov 18 09:12:45 MST 2020
# IP Build 3064653 on Wed Nov 18 14:17:31 MST 2020
# Start of session at: Fri Apr 21 23:43:01 2023
# Process ID: 5860
# Current directory: E:/Škola/DE1/Project_MorseCode/Vivado/PRJmorse
# Command line: vivado.exe -gui_launcher_event rodinguilauncherevent21248 E:\Škola\DE1\Project_MorseCode\Vivado\PRJmorse\PRJmorse.xpr
# Log file: E:/Škola/DE1/Project_MorseCode/Vivado/PRJmorse/vivado.log
# Journal file: E:/Škola/DE1/Project_MorseCode/Vivado/PRJmorse\vivado.jou
#-----------------------------------------------------------
start_gui
open_project E:/Škola/DE1/Project_MorseCode/Vivado/PRJmorse/PRJmorse.xpr
update_compile_order -fileset sources_1
export_ip_user_files -of_objects  [get_files E:/Škola/DE1/Project_MorseCode/Vivado/PRJmorse/PRJmorse.srcs/sources_1/new/clk_en.vhd] -no_script -reset -force -quiet
remove_files  E:/Škola/DE1/Project_MorseCode/Vivado/PRJmorse/PRJmorse.srcs/sources_1/new/clk_en.vhd
export_ip_user_files -of_objects  [get_files E:/Škola/DE1/Project_MorseCode/Vivado/PRJmorse/PRJmorse.srcs/sim_1/new/tb_abc_7seg_in.vhd] -no_script -reset -force -quiet
remove_files  -fileset sim_1 E:/Škola/DE1/Project_MorseCode/Vivado/PRJmorse/PRJmorse.srcs/sim_1/new/tb_abc_7seg_in.vhd
set_property used_in_simulation false [get_files  E:/Škola/DE1/Project_MorseCode/Vivado/PRJmorse/PRJmorse.srcs/sources_1/new/top.vhd]
set_property SOURCE_SET sources_1 [get_filesets sim_1]
close [ open E:/Škola/DE1/Project_MorseCode/Vivado/PRJmorse/PRJmorse.srcs/sim_1/new/tb_top.vhd w ]
add_files -fileset sim_1 E:/Škola/DE1/Project_MorseCode/Vivado/PRJmorse/PRJmorse.srcs/sim_1/new/tb_top.vhd
update_compile_order -fileset sim_1
set_property used_in_simulation true [get_files  E:/Škola/DE1/Project_MorseCode/Vivado/PRJmorse/PRJmorse.srcs/sources_1/new/top.vhd]
# Disabling source management mode.  This is to allow the top design properties to be set without GUI intervention.
set_property source_mgmt_mode None [current_project]
set_property top tb_top [get_filesets sim_1]
set_property top_lib xil_defaultlib [get_filesets sim_1]
# Re-enabling previously disabled source management mode.
set_property source_mgmt_mode All [current_project]
update_compile_order -fileset sim_1
launch_simulation
launch_simulation
launch_simulation
source tb_top.tcl
close_sim
launch_simulation
source tb_top.tcl
close_sim
launch_simulation
source tb_top.tcl
add_bp {E:/Škola/DE1/Project_MorseCode/Vivado/PRJmorse/PRJmorse.srcs/sources_1/new/top.vhd} 132
remove_bps -file {E:/Škola/DE1/Project_MorseCode/Vivado/PRJmorse/PRJmorse.srcs/sources_1/new/top.vhd} -line 132
add_bp {E:/Škola/DE1/Project_MorseCode/Vivado/PRJmorse/PRJmorse.srcs/sources_1/new/top.vhd} 128
relaunch_sim
step
remove_bps -file {E:/Škola/DE1/Project_MorseCode/Vivado/PRJmorse/PRJmorse.srcs/sources_1/new/top.vhd} -line 128
step
step
step
step
step
step
step
step
step
step
step
step
step
step
step
step
close_sim
launch_simulation
source tb_top.tcl
step
relaunch_sim
close_sim
launch_simulation
source tb_top.tcl
add_bp {E:/Škola/DE1/Project_MorseCode/Vivado/PRJmorse/PRJmorse.srcs/sim_1/new/tb_top.vhd} 80
relaunch_sim
remove_bps -file {E:/Škola/DE1/Project_MorseCode/Vivado/PRJmorse/PRJmorse.srcs/sim_1/new/tb_top.vhd} -line 80
step
step
step
step
step
step
step
step
step
step
step
step
step
step
step
step
step
step
step
step
step
step
step
step
step
relaunch_sim
add_bp {E:/Škola/DE1/Project_MorseCode/Vivado/PRJmorse/PRJmorse.srcs/sources_1/new/top.vhd} 131
add_bp {E:/Škola/DE1/Project_MorseCode/Vivado/PRJmorse/PRJmorse.srcs/sources_1/new/top.vhd} 133
relaunch_sim
relaunch_sim
remove_bps -file {E:/Škola/DE1/Project_MorseCode/Vivado/PRJmorse/PRJmorse.srcs/sources_1/new/top.vhd} -line 131
relaunch_sim
relaunch_sim
add_bp {E:/Škola/DE1/Project_MorseCode/Vivado/PRJmorse/PRJmorse.srcs/sources_1/new/top.vhd} 133
remove_bps -file {E:/Škola/DE1/Project_MorseCode/Vivado/PRJmorse/PRJmorse.srcs/sources_1/new/top.vhd} -line 133
add_bp {E:/Škola/DE1/Project_MorseCode/Vivado/PRJmorse/PRJmorse.srcs/sources_1/new/top.vhd} 133
remove_bps -file {E:/Škola/DE1/Project_MorseCode/Vivado/PRJmorse/PRJmorse.srcs/sources_1/new/top.vhd} -line 133
close_sim
launch_simulation
source tb_top.tcl
relaunch_sim
relaunch_sim
relaunch_sim
add_bp {E:/Škola/DE1/Project_MorseCode/Vivado/PRJmorse/PRJmorse.srcs/sources_1/new/top.vhd} 137
remove_bps -file {E:/Škola/DE1/Project_MorseCode/Vivado/PRJmorse/PRJmorse.srcs/sources_1/new/top.vhd} -line 137
close_sim
launch_simulation
source tb_top.tcl
relaunch_sim
close_sim
launch_simulation
source tb_top.tcl
relaunch_sim
add_bp {E:/Škola/DE1/Project_MorseCode/Vivado/PRJmorse/PRJmorse.srcs/sim_1/new/tb_top.vhd} 81
step
remove_bps -file {E:/Škola/DE1/Project_MorseCode/Vivado/PRJmorse/PRJmorse.srcs/sim_1/new/tb_top.vhd} -line 81
step
step
step
step
step
step
add_bp {E:/Škola/DE1/Project_MorseCode/Vivado/PRJmorse/PRJmorse.srcs/sim_1/new/tb_top.vhd} 81
relaunch_sim
remove_bps -file {E:/Škola/DE1/Project_MorseCode/Vivado/PRJmorse/PRJmorse.srcs/sim_1/new/tb_top.vhd} -line 81
step
step
step
step
step
step
step
step
step
step
step
step
step
step
step
step
step
step
relaunch_sim
relaunch_sim
relaunch_sim
relaunch_sim
relaunch_sim
relaunch_sim
relaunch_sim
relaunch_sim
relaunch_sim
close_sim
launch_simulation
source tb_top.tcl
relaunch_sim
relaunch_sim
relaunch_sim
relaunch_sim
relaunch_sim
close_sim
# Disabling source management mode.  This is to allow the top design properties to be set without GUI intervention.
set_property source_mgmt_mode None [current_project]
set_property top tb_abc_7seg_out [get_filesets sim_1]
set_property top_lib xil_defaultlib [get_filesets sim_1]
# Re-enabling previously disabled source management mode.
set_property source_mgmt_mode All [current_project]
update_compile_order -fileset sim_1
launch_simulation
source tb_abc_7seg_out.tcl
relaunch_sim
set_property -name {xsim.simulate.runtime} -value {300 ns} -objects [get_filesets sim_1]
relaunch_sim
relaunch_sim
relaunch_sim
relaunch_sim
relaunch_sim
close_sim
launch_simulation
source tb_abc_7seg_out.tcl
relaunch_sim
relaunch_sim
relaunch_sim
relaunch_sim
set_property -name {xsim.simulate.runtime} -value {3000 ns} -objects [get_filesets sim_1]
relaunch_sim
set_property -name {xsim.simulate.runtime} -value {3000} -objects [get_filesets sim_1]
relaunch_sim
set_property -name {xsim.simulate.runtime} -value {3ps} -objects [get_filesets sim_1]
relaunch_sim
set_property -name {xsim.simulate.runtime} -value {} -objects [get_filesets sim_1]
relaunch_sim
close_sim
set_property -name {xsim.simulate.runtime} -value {3 ps} -objects [get_filesets sim_1]
launch_simulation
source tb_abc_7seg_out.tcl
set_property -name {xsim.simulate.runtime} -value {3000 ns} -objects [get_filesets sim_1]
close_sim
launch_simulation
source tb_abc_7seg_out.tcl
relaunch_sim
close_sim
set_property -name {xsim.simulate.runtime} -value {10000 ns} -objects [get_filesets sim_1]
launch_simulation
source tb_abc_7seg_out.tcl
close_sim
# Disabling source management mode.  This is to allow the top design properties to be set without GUI intervention.
set_property source_mgmt_mode None [current_project]
set_property top tb_top [get_filesets sim_1]
set_property top_lib xil_defaultlib [get_filesets sim_1]
# Re-enabling previously disabled source management mode.
set_property source_mgmt_mode All [current_project]
update_compile_order -fileset sim_1
launch_simulation
source tb_top.tcl
relaunch_sim
relaunch_sim
relaunch_sim
close_sim
launch_simulation
source tb_top.tcl
close_sim
launch_simulation
source tb_top.tcl
close_sim
launch_simulation
source tb_top.tcl
close_sim
launch_simulation
source tb_top.tcl
add_bp {E:/Škola/DE1/Project_MorseCode/Vivado/PRJmorse/PRJmorse.srcs/sources_1/new/top.vhd} 114
relaunch_sim
remove_bps -file {E:/Škola/DE1/Project_MorseCode/Vivado/PRJmorse/PRJmorse.srcs/sources_1/new/top.vhd} -line 114
step
step
step
step
step
step
step
step
step
step
step
step
step
step
step
step
step
step
step
step
step
step
step
step
step
step
step
step
step
step
step
step
step
step
step
step
step
step
add_bp {E:/Škola/DE1/Project_MorseCode/Vivado/PRJmorse/PRJmorse.srcs/sim_1/new/tb_top.vhd} 80
remove_bps -file {E:/Škola/DE1/Project_MorseCode/Vivado/PRJmorse/PRJmorse.srcs/sim_1/new/tb_top.vhd} -line 80
add_bp {E:/Škola/DE1/Project_MorseCode/Vivado/PRJmorse/PRJmorse.srcs/sim_1/new/tb_top.vhd} 93
relaunch_sim
step
step
step
step
step
step
step
step
step
step
step
step
step
step
step
step
step
step
step
step
step
step
step
step
step
step
step
step
step
step
step
step
step
step
step
close_sim
update_compile_order -fileset sim_1
set_property source_mgmt_mode DisplayOnly [current_project]
launch_simulation
source tb_top.tcl
add_bp {E:/Škola/DE1/Project_MorseCode/Vivado/PRJmorse/PRJmorse.srcs/sources_1/new/top.vhd} 125
remove_bps -file {E:/Škola/DE1/Project_MorseCode/Vivado/PRJmorse/PRJmorse.srcs/sources_1/new/top.vhd} -line 125
add_bp {E:/Škola/DE1/Project_MorseCode/Vivado/PRJmorse/PRJmorse.srcs/sources_1/new/abc_7seg_out.vhd} 63
add_bp {E:/Škola/DE1/Project_MorseCode/Vivado/PRJmorse/PRJmorse.srcs/sources_1/new/abc_7seg_out.vhd} 72
remove_bps -file {E:/Škola/DE1/Project_MorseCode/Vivado/PRJmorse/PRJmorse.srcs/sources_1/new/abc_7seg_out.vhd} -line 63
relaunch_sim
remove_bps -file {E:/Škola/DE1/Project_MorseCode/Vivado/PRJmorse/PRJmorse.srcs/sources_1/new/abc_7seg_out.vhd} -line 72
add_bp {E:/Škola/DE1/Project_MorseCode/Vivado/PRJmorse/PRJmorse.srcs/sources_1/new/abc_7seg_out.vhd} 72
close_sim
launch_simulation
source tb_top.tcl
remove_bps -file {E:/Škola/DE1/Project_MorseCode/Vivado/PRJmorse/PRJmorse.srcs/sources_1/new/abc_7seg_out.vhd} -line 72
relaunch_sim
close_sim
# Disabling source management mode.  This is to allow the top design properties to be set without GUI intervention.
set_property source_mgmt_mode None [current_project]
set_property top tb_abc_7seg_out [get_filesets sim_1]
set_property top_lib xil_defaultlib [get_filesets sim_1]
# Re-enabling previously disabled source management mode.
set_property source_mgmt_mode DisplayOnly [current_project]
launch_simulation
source tb_abc_7seg_out.tcl
close_sim
launch_simulation
source tb_abc_7seg_out.tcl
close_sim
# Disabling source management mode.  This is to allow the top design properties to be set without GUI intervention.
set_property source_mgmt_mode None [current_project]
set_property top tb_top [get_filesets sim_1]
set_property top_lib xil_defaultlib [get_filesets sim_1]
# Re-enabling previously disabled source management mode.
set_property source_mgmt_mode DisplayOnly [current_project]
launch_simulation
source tb_top.tcl
close_sim
launch_simulation
source tb_top.tcl
add_bp {E:/Škola/DE1/Project_MorseCode/Vivado/PRJmorse/PRJmorse.srcs/sim_1/new/tb_top.vhd} 99
remove_bps -file {E:/Škola/DE1/Project_MorseCode/Vivado/PRJmorse/PRJmorse.srcs/sim_1/new/tb_top.vhd} -line 99
close_sim
