#-----------------------------------------------------------
# Vivado v2020.2 (64-bit)
# SW Build 3064766 on Wed Nov 18 09:12:45 MST 2020
# IP Build 3064653 on Wed Nov 18 14:17:31 MST 2020
# Start of session at: Wed Apr 12 13:09:47 2023
# Process ID: 10024
# Current directory: C:/Users/240225/Documents/Project_MorseCode/MorseCode
# Command line: vivado.exe -gui_launcher_event rodinguilauncherevent1552 C:\Users\240225\Documents\Project_MorseCode\MorseCode\MorseCode.xpr
# Log file: C:/Users/240225/Documents/Project_MorseCode/MorseCode/vivado.log
# Journal file: C:/Users/240225/Documents/Project_MorseCode/MorseCode\vivado.jou
#-----------------------------------------------------------
start_guioopen_project C:/Users/240225/Documents/Project_MorseCode/MorseCode/MorseCode.xpr
update_compile_order -fileset sources_1
export_ip_user_files -of_objects  [get_files C:/Users/240225/Documents/Project_MorseCode/MorseCode/MorseCode.srcs/sources_1/new/but_to_morse.vhd] -no_script -reset -force -quiet
remove_files  C:/Users/240225/Documents/Project_MorseCode/MorseCode/MorseCode.srcs/sources_1/new/but_to_morse.vhd
close [ open C:/Users/240225/Documents/Project_MorseCode/MorseCode/MorseCode.srcs/sources_1/new/click_me_daddy.vhd w ]
add_files C:/Users/240225/Documents/Project_MorseCode/MorseCode/MorseCode.srcs/sources_1/new/click_me_daddy.vhd
update_compile_order -fileset sources_1
update_compile_order -fileset sources_1
update_compile_order -fileset sources_1
update_compile_order -fileset sources_1
export_ip_user_files -of_objects  [get_files C:/Users/240225/Documents/Project_MorseCode/MorseCode/MorseCode.srcs/sources_1/new/abc_to_morse.vhd] -no_script -reset -force -quiet
remove_files  C:/Users/240225/Documents/Project_MorseCode/MorseCode/MorseCode.srcs/sources_1/new/abc_to_morse.vhd
export_ip_user_files -of_objects  [get_files C:/Users/240225/Documents/Project_MorseCode/MorseCode/MorseCode.srcs/sources_1/new/morse_to_abc.vhd] -no_script -reset -force -quiet
remove_files  C:/Users/240225/Documents/Project_MorseCode/MorseCode/MorseCode.srcs/sources_1/new/morse_to_abc.vhd
